GowinSynthesis start
Running parser ...
Analyzing VHDL file 'C:\Users\asmar\Documents\PROJETS\GOWIN\HDMIDisplayFPGA\TMDS_encoder\src\TMDS_encoder.vhd'
Analyzing entity 'tmds_encoder'("C:\Users\asmar\Documents\PROJETS\GOWIN\HDMIDisplayFPGA\TMDS_encoder\src\TMDS_encoder.vhd":4)
Analyzing architecture 'tmds_encoder_arch'("C:\Users\asmar\Documents\PROJETS\GOWIN\HDMIDisplayFPGA\TMDS_encoder\src\TMDS_encoder.vhd":26)
ERROR (EX4739) : Syntax error near ':='("C:\Users\asmar\Documents\PROJETS\GOWIN\HDMIDisplayFPGA\TMDS_encoder\src\TMDS_encoder.vhd":30)
ERROR (EX4585) : Cannot access 'cnt' from inside pure function 'getnbrofones'.("C:\Users\asmar\Documents\PROJETS\GOWIN\HDMIDisplayFPGA\TMDS_encoder\src\TMDS_encoder.vhd":49)
ERROR (EX4462) : Cannot assign signal 'cnt' from within a subprogram("C:\Users\asmar\Documents\PROJETS\GOWIN\HDMIDisplayFPGA\TMDS_encoder\src\TMDS_encoder.vhd":49)
ERROR (EX4585) : Cannot access 'q_out' from inside pure function 'getnbrofones'.("C:\Users\asmar\Documents\PROJETS\GOWIN\HDMIDisplayFPGA\TMDS_encoder\src\TMDS_encoder.vhd":50)
ERROR (EX4462) : Cannot assign signal 'q_out' from within a subprogram("C:\Users\asmar\Documents\PROJETS\GOWIN\HDMIDisplayFPGA\TMDS_encoder\src\TMDS_encoder.vhd":50)
ERROR (EX4585) : Cannot access 'd' from inside pure function 'getnbrofones'.("C:\Users\asmar\Documents\PROJETS\GOWIN\HDMIDisplayFPGA\TMDS_encoder\src\TMDS_encoder.vhd":52)
ERROR (EX4461) : Cannot call impure function 'getnbrofones' from within pure function 'getnbrofones'("C:\Users\asmar\Documents\PROJETS\GOWIN\HDMIDisplayFPGA\TMDS_encoder\src\TMDS_encoder.vhd":52)
ERROR (EX4739) : Syntax error near '='("C:\Users\asmar\Documents\PROJETS\GOWIN\HDMIDisplayFPGA\TMDS_encoder\src\TMDS_encoder.vhd":55)
ERROR (EX4880) : Indexed name is not a ' void'("C:\Users\asmar\Documents\PROJETS\GOWIN\HDMIDisplayFPGA\TMDS_encoder\src\TMDS_encoder.vhd":55)
ERROR (EX4739) : Syntax error near '='("C:\Users\asmar\Documents\PROJETS\GOWIN\HDMIDisplayFPGA\TMDS_encoder\src\TMDS_encoder.vhd":57)
ERROR (EX4739) : Syntax error near 'XNOR'("C:\Users\asmar\Documents\PROJETS\GOWIN\HDMIDisplayFPGA\TMDS_encoder\src\TMDS_encoder.vhd":57)
ERROR (EX4880) : Indexed name is not a ' void'("C:\Users\asmar\Documents\PROJETS\GOWIN\HDMIDisplayFPGA\TMDS_encoder\src\TMDS_encoder.vhd":57)
ERROR (EX4739) : Syntax error near '='("C:\Users\asmar\Documents\PROJETS\GOWIN\HDMIDisplayFPGA\TMDS_encoder\src\TMDS_encoder.vhd":59)
ERROR (EX4739) : Syntax error near '='("C:\Users\asmar\Documents\PROJETS\GOWIN\HDMIDisplayFPGA\TMDS_encoder\src\TMDS_encoder.vhd":62)
ERROR (EX4880) : Indexed name is not a ' void'("C:\Users\asmar\Documents\PROJETS\GOWIN\HDMIDisplayFPGA\TMDS_encoder\src\TMDS_encoder.vhd":62)
ERROR (EX4739) : Syntax error near '='("C:\Users\asmar\Documents\PROJETS\GOWIN\HDMIDisplayFPGA\TMDS_encoder\src\TMDS_encoder.vhd":64)
ERROR (EX4739) : Syntax error near 'XOR'("C:\Users\asmar\Documents\PROJETS\GOWIN\HDMIDisplayFPGA\TMDS_encoder\src\TMDS_encoder.vhd":64)
ERROR (EX4880) : Indexed name is not a ' void'("C:\Users\asmar\Documents\PROJETS\GOWIN\HDMIDisplayFPGA\TMDS_encoder\src\TMDS_encoder.vhd":64)
ERROR (EX4739) : Syntax error near '='("C:\Users\asmar\Documents\PROJETS\GOWIN\HDMIDisplayFPGA\TMDS_encoder\src\TMDS_encoder.vhd":66)
Sorry, too many errors..
GowinSynthesis finish
